Flow report for VIC20_deca
Sun Nov 28 14:05:56 2021
Quartus Prime Version 17.1.0 Build 590 10/25/2017 SJ Lite Edition


---------------------
; Table of Contents ;
---------------------
  1. Legal Notice
  2. Flow Summary
  3. Flow Settings
  4. Flow Non-Default Global Settings
  5. Flow Elapsed Time
  6. Flow OS Summary
  7. Flow Log
  8. Flow Messages
  9. Flow Suppressed Messages



----------------
; Legal Notice ;
----------------
Copyright (C) 2017  Intel Corporation. All rights reserved.
Your use of Intel Corporation's design tools, logic functions 
and other software and tools, and its AMPP partner logic 
functions, and any output files from any of the foregoing 
(including device programming or simulation files), and any 
associated documentation or information are expressly subject 
to the terms and conditions of the Intel Program License 
Subscription Agreement, the Intel Quartus Prime License Agreement,
the Intel FPGA IP License Agreement, or other applicable license
agreement, including, without limitation, that your use is for
the sole purpose of programming logic devices manufactured by
Intel and sold by Intel or its authorized distributors.  Please
refer to the applicable agreement for further details.



+----------------------------------------------------------------------------------+
; Flow Summary                                                                     ;
+------------------------------------+---------------------------------------------+
; Flow Status                        ; Successful - Sun Nov 28 14:05:35 2021       ;
; Quartus Prime Version              ; 17.1.0 Build 590 10/25/2017 SJ Lite Edition ;
; Revision Name                      ; VIC20_deca                                  ;
; Top-level Entity Name              ; deca_top                                    ;
; Family                             ; MAX 10                                      ;
; Device                             ; 10M50DAF484C6GES                            ;
; Timing Models                      ; Preliminary                                 ;
; Total logic elements               ; 10,828 / 49,760 ( 22 % )                    ;
;     Total combinational functions  ; 10,090 / 49,760 ( 20 % )                    ;
;     Dedicated logic registers      ; 4,674 / 49,760 ( 9 % )                      ;
; Total registers                    ; 4740                                        ;
; Total pins                         ; 134 / 360 ( 37 % )                          ;
; Total virtual pins                 ; 0                                           ;
; Total memory bits                  ; 449,680 / 1,677,312 ( 27 % )                ;
; Embedded Multiplier 9-bit elements ; 10 / 288 ( 3 % )                            ;
; Total PLLs                         ; 2 / 4 ( 50 % )                              ;
; UFM blocks                         ; 0 / 1 ( 0 % )                               ;
; ADC blocks                         ; 0 / 2 ( 0 % )                               ;
+------------------------------------+---------------------------------------------+


+-----------------------------------------+
; Flow Settings                           ;
+-------------------+---------------------+
; Option            ; Setting             ;
+-------------------+---------------------+
; Start date & time ; 11/28/2021 14:02:22 ;
; Main task         ; Compilation         ;
; Revision Name     ; VIC20_deca          ;
+-------------------+---------------------+


+------------------------------------------------------------------------------------------------------------------------------------------------------+
; Flow Non-Default Global Settings                                                                                                                     ;
+-------------------------------------+---------------------------------------------------------------------+---------------+-------------+------------+
; Assignment Name                     ; Value                                                               ; Default Value ; Entity Name ; Section Id ;
+-------------------------------------+---------------------------------------------------------------------+---------------+-------------+------------+
; AUTO_MERGE_PLLS                     ; Off                                                                 ; On            ; --          ; --         ;
; COMPILER_SIGNATURE_ID               ; 190135458541196.163810454221473                                     ; --            ; --          ; --         ;
; MISC_FILE                           ; pll2/pll2.ppf                                                       ; --            ; --          ; --         ;
; MISC_FILE                           ; pll27_bb.v                                                          ; --            ; --          ; --         ;
; MISC_FILE                           ; pll27.ppf                                                           ; --            ; --          ; --         ;
; MISC_FILE                           ; pll_vic20_bb.v                                                      ; --            ; --          ; --         ;
; MISC_FILE                           ; pll_vic20.ppf                                                       ; --            ; --          ; --         ;
; MISC_FILE                           ; rom_reconfig_ntsc_bb.v                                              ; --            ; --          ; --         ;
; MISC_FILE                           ; rom_reconfig_pal_bb.v                                               ; --            ; --          ; --         ;
; MISC_FILE                           ; ../pll_reconfig_bb.v                                                ; --            ; --          ; --         ;
; MISC_FILE                           ; ../DeMiSTify/controller/../EightThirtyTwo/RTL/debug_virtualjtag.cmp ; --            ; --          ; --         ;
; MISC_FILE                           ; ../DeMiSTify/controller/../EightThirtyTwo/RTL/debug_fifo_altera.cmp ; --            ; --          ; --         ;
; NUM_PARALLEL_PROCESSORS             ; All                                                                 ; --            ; --          ; --         ;
; OUTPUT_IO_TIMING_FAR_END_VMEAS      ; Half Signal Swing                                                   ; --            ; --          ; --         ;
; OUTPUT_IO_TIMING_FAR_END_VMEAS      ; Half Signal Swing                                                   ; --            ; --          ; --         ;
; OUTPUT_IO_TIMING_NEAR_END_VMEAS     ; Half Vccio                                                          ; --            ; --          ; --         ;
; OUTPUT_IO_TIMING_NEAR_END_VMEAS     ; Half Vccio                                                          ; --            ; --          ; --         ;
; PARTITION_COLOR                     ; -- (Not supported for targeted family)                              ; --            ; deca_top    ; Top        ;
; PARTITION_FITTER_PRESERVATION_LEVEL ; -- (Not supported for targeted family)                              ; --            ; deca_top    ; Top        ;
; PARTITION_NETLIST_TYPE              ; -- (Not supported for targeted family)                              ; --            ; deca_top    ; Top        ;
; PRE_FLOW_SCRIPT_FILE                ; quartus_sh:../build_id_verilog.tcl                                  ; --            ; --          ; --         ;
; PROJECT_OUTPUT_DIRECTORY            ; output_files                                                        ; --            ; --          ; --         ;
; TOP_LEVEL_ENTITY                    ; deca_top                                                            ; VIC20_deca    ; --          ; --         ;
; VERILOG_MACRO                       ; DEMISTIFY_PARALLEL_AUDIO=1                                          ; --            ; --          ; --         ;
; VERILOG_MACRO                       ; DEMISTIFY_HDMI=1                                                    ; --            ; --          ; --         ;
; VERILOG_MACRO                       ; DEMISTIFY_DECA=1                                                    ; --            ; --          ; --         ;
; VERILOG_MACRO                       ; DEMISTIFY=1                                                         ; --            ; --          ; --         ;
+-------------------------------------+---------------------------------------------------------------------+---------------+-------------+------------+


+-------------------------------------------------------------------------------------------------------------------------------+
; Flow Elapsed Time                                                                                                             ;
+---------------------------+--------------+-------------------------+---------------------+------------------------------------+
; Module Name               ; Elapsed Time ; Average Processors Used ; Peak Virtual Memory ; Total CPU Time (on all processors) ;
+---------------------------+--------------+-------------------------+---------------------+------------------------------------+
; Analysis & Synthesis      ; 00:01:30     ; 1.0                     ; 1127 MB             ; 00:02:07                           ;
; Fitter                    ; 00:01:26     ; 1.2                     ; 1508 MB             ; 00:01:54                           ;
; Assembler                 ; 00:00:08     ; 1.0                     ; 835 MB              ; 00:00:07                           ;
; TimeQuest Timing Analyzer ; 00:00:20     ; 1.4                     ; 943 MB              ; 00:00:28                           ;
; Total                     ; 00:03:24     ; --                      ; --                  ; 00:04:36                           ;
+---------------------------+--------------+-------------------------+---------------------+------------------------------------+


+---------------------------------------------------------------------------------------------+
; Flow OS Summary                                                                             ;
+---------------------------+------------------+----------------+------------+----------------+
; Module Name               ; Machine Hostname ; OS Name        ; OS Version ; Processor type ;
+---------------------------+------------------+----------------+------------+----------------+
; Analysis & Synthesis      ; jordi-TM1613     ; Ubuntu 20.04.3 ; 20         ; x86_64         ;
; Fitter                    ; jordi-TM1613     ; Ubuntu 20.04.3 ; 20         ; x86_64         ;
; Assembler                 ; jordi-TM1613     ; Ubuntu 20.04.3 ; 20         ; x86_64         ;
; TimeQuest Timing Analyzer ; jordi-TM1613     ; Ubuntu 20.04.3 ; 20         ; x86_64         ;
+---------------------------+------------------+----------------+------------+----------------+


------------
; Flow Log ;
------------
quartus_map --read_settings_files=on --write_settings_files=off VIC20_deca -c VIC20_deca
quartus_fit --read_settings_files=off --write_settings_files=off VIC20_deca -c VIC20_deca
quartus_asm --read_settings_files=off --write_settings_files=off VIC20_deca -c VIC20_deca
quartus_sta VIC20_deca -c VIC20_deca



